// Jest Snapshot v1, https://goo.gl/fbAQLP

exports[`Homepage renders correctly 1`] = `
<div>
  <div
    className="pxhjfar"
  >
    <div
      className="pa9xihz"
    >
      <span>
        Orderbook
      </span>
    </div>
    <div
      className="p2qo8y3"
    >
      <div
        className="o1cmc0ar"
      >
        <div
          className="l190l8pn"
        >
          <div />
          <div />
          <div />
        </div>
      </div>
    </div>
  </div>
  <div
    className="t5x8bgl"
  >
    <button
      className="bbqj42w"
      onClick={[Function]}
    >
      Toggle Feed
    </button>
  </div>
</div>
`;
